
::group::Analyzing Codebase for Update Risk
Usage scores calculated.
::endgroup::
INFO: Found pinned requirements. Running initial health check and regenerating lockfile...

::group::Initial Baseline Health Check
--> Bootstrap Step 1: Installing dependencies from 'requirements.txt'...
--> Running command: '/home/runner/work/scikit-optimize_AURA/scikit-optimize_AURA/initial_check_venv/bin/python -m pip install --no-build-isolation --no-cache-dir -r /home/runner/work/scikit-optimize_AURA/scikit-optimize_AURA/requirements.txt' in CWD: '.'

--> Bootstrap Step 2: Installing project from current directory ('.') in editable mode...
--> Running command: '/home/runner/work/scikit-optimize_AURA/scikit-optimize_AURA/initial_check_venv/bin/python -m pip install --no-build-isolation -e .' in CWD: '.'

--> Bootstrap Step 3: Running validation suite...

::group::Running Validation

--- Running Smoke Test ---
--> Running command: '/home/runner/work/scikit-optimize_AURA/scikit-optimize_AURA/initial_check_venv/bin/python /home/runner/work/scikit-optimize_AURA/scikit-optimize_AURA/validation_skopt.py' in CWD: '.'
Smoke test PASSED.
::endgroup::
--> Running command: '/home/runner/work/scikit-optimize_AURA/scikit-optimize_AURA/initial_check_venv/bin/python -m pip freeze' in CWD: '.'
Initial baseline is valid and stable. Overwriting requirements file with clean, frozen state.
::endgroup::
INFO: Dependency graph metrics not found. Entanglement scores will be 0.

::group::UPDATE PASS 1/3

Prioritized Update Plan for this Pass (Highest Risk First):
Rank  | Package                        | % of Total Risk    | Change
----- | ------------------------------ | ------------------ | --------------------
1     | numpy                          | 24.39             % | 1.24.3 -> 2.4.2
2     | pyaml                          | 24.39             % | 21.10.1 -> 26.2.1
3     | scipy                          | 12.20             % | 1.10.1 -> 1.17.0
4     | matplotlib                     | 12.20             % | 3.7.1 -> 3.10.8
5     | joblib                         | 12.20             % | 1.2.0 -> 1.5.3
6     | scikit-learn                   | 12.20             % | 1.2.2 -> 1.8.0
7     | contourpy                      | 2.44              % | 1.3.2 -> 1.3.3

--------------------------------------------------------------------------------
PULSE: [PASS 1 | ATTEMPT 1/7] Processing 'numpy'
PULSE: Changed packages this pass so far: set()
--------------------------------------------------------------------------------

--> Toplevel Attempt: Trying direct update to numpy==2.4.2

::group::Probe: Install & Validate for numpy==2.4.2
--> Probe Step 1: Installing the proposed dependency set...
--> Running command: '/home/runner/work/scikit-optimize_AURA/scikit-optimize_AURA/temp_venv/bin/python -m pip install --no-build-isolation --no-cache-dir -r /home/runner/work/scikit-optimize_AURA/scikit-optimize_AURA/temp_venv/probe_requirements.txt' in CWD: '.'
::endgroup::

--> Toplevel Result: Direct update FAILED. Reason: 'Dependency installation failed: The dependency conflict arises because the specified versions of `scikit-learn==1.2.2`, `scipy==1.10.1`, `contourpy==1.3.2`, `matplotlib==3.7.1`, and `numpy==2.4.2` have incompatible requirements with each other.'
    Suspected Blockers (Regex): ['numpy', 'scipy', 'contourpy', 'matplotlib', 'scikit-learn']
--> Action: Entering Level 1 Healing with 'Filter-Then-Scan' strategy.

::group::Healing 'numpy': Filter-Then-Scan Strategy

--- Phase 1: Filtering for compatible versions ---
  -> Checking compatibility of numpy==2.4.2...
     -- Incompatible. Diagnosis: The dependency conflict occurs because installing `contourpy==1.3.2`, `matplotlib==3.7.1`, `numpy==2.4.2`, `scikit-learn==1.2.2`, and `scipy==1.10.1` simultaneously results in incompatible dependencies among these specific package versions.
  -> Checking compatibility of numpy==2.4.1...
     -- Incompatible. Diagnosis: The dependency conflict arises because `contourpy==1.3.2`, `matplotlib==3.7.1`, `numpy==2.4.1`, `scikit-learn==1.2.2`, and `scipy==1.10.1` have conflicting dependencies among themselves.
  -> Checking compatibility of numpy==2.4.0...
     -- Incompatible. Diagnosis: The root cause of the dependency conflict is that the specified versions of `contourpy==1.3.2`, `matplotlib==3.7.1`, `numpy==2.4.0`, `scikit-learn==1.2.2`, and `scipy==1.10.1` have conflicting dependencies with each other.
  -> Checking compatibility of numpy==2.3.5...
     -- Incompatible. Diagnosis: The dependency conflict arises because contourpy==1.3.2, matplotlib==3.7.1, numpy==2.3.5, scikit-learn==1.2.2, and scipy==1.10.1 have conflicting dependencies, preventing their simultaneous installation.
  -> Checking compatibility of numpy==2.3.4...
     -- Incompatible. Diagnosis: The dependency conflict arises because `contourpy==1.3.2`, `matplotlib==3.7.1`, `numpy==2.3.4`, `scikit-learn==1.2.2`, and `scipy==1.10.1` collectively have conflicting dependency requirements that cannot be simultaneously satisfied.
  -> Checking compatibility of numpy==2.3.3...
     -- Incompatible. Diagnosis: The dependency conflict arises because `contourpy==1.3.2`, `matplotlib==3.7.1`, `numpy==2.3.3`, `scikit-learn==1.2.2`, and `scipy==1.10.1` have incompatible dependency requirements that prevent them from being installed together.
  -> Checking compatibility of numpy==2.3.2...
     -- Incompatible. Diagnosis: The dependency conflict arises because the requested versions of contourpy==1.3.2, matplotlib==3.7.1, numpy==2.3.2, scikit-learn==1.2.2, and scipy==1.10.1 have conflicting requirements with one another.
  -> Checking compatibility of numpy==2.3.1...
     -- Incompatible. Diagnosis: The dependency conflict occurs because the specified versions of `contourpy==1.3.2`, `matplotlib==3.7.1`, `numpy==2.3.1`, `scikit-learn==1.2.2`, and `scipy==1.10.1` have conflicting requirements that prevent their simultaneous installation.
  -> Checking compatibility of numpy==2.3.0...
     -- Incompatible. Diagnosis: The dependency conflict is rooted in the incompatible requirements among the specified package versions: contourpy==1.3.2, matplotlib==3.7.1, numpy==2.3.0, scikit-learn==1.2.2, and scipy==1.10.1.
  -> Checking compatibility of numpy==2.2.6...
     -- Incompatible. Diagnosis: The root cause is that the specified versions of contourpy==1.3.2, matplotlib==3.7.1, numpy==2.2.6, scikit-learn==1.2.2, and scipy==1.10.1 have conflicting dependencies among themselves.
  -> Checking compatibility of numpy==2.2.5...
     -- Incompatible. Diagnosis: The root cause of the dependency conflict is that `contourpy==1.3.2`, `matplotlib==3.7.1`, `numpy==2.2.5`, `scikit-learn==1.2.2`, and `scipy==1.10.1` have conflicting dependencies.
  -> Checking compatibility of numpy==2.2.4...
     -- Incompatible. Diagnosis: The dependency conflict is caused by `contourpy==1.3.2`, `matplotlib==3.7.1`, `numpy==2.2.4`, `scikit-learn==1.2.2`, and `scipy==1.10.1` having conflicting dependency requirements with each other.
  -> Checking compatibility of numpy==2.2.3...
     -- Incompatible. Diagnosis: The root cause of the dependency conflict is that `contourpy==1.3.2`, `matplotlib==3.7.1`, `numpy==2.2.3`, `scikit-learn==1.2.2`, and `scipy==1.10.1` have conflicting dependencies when installed together.
  -> Checking compatibility of numpy==2.2.2...
     -- Incompatible. Diagnosis: The dependency conflict occurs because the requested package versions contourpy==1.3.2, matplotlib==3.7.1, numpy==2.2.2, scikit-learn==1.2.2, and scipy==1.10.1 have conflicting dependencies among themselves.
  -> Checking compatibility of numpy==2.2.1...
     -- Incompatible. Diagnosis: The dependency conflict arises because the specified versions of contourpy==1.3.2, matplotlib==3.7.1, numpy==2.2.1, scikit-learn==1.2.2, and scipy==1.10.1 have incompatible dependencies with each other.
  -> Checking compatibility of numpy==2.2.0...
     -- Incompatible. Diagnosis: The dependency conflict arises because `contourpy==1.3.2`, `matplotlib==3.7.1`, `numpy==2.2.0`, `scikit-learn==1.2.2`, and `scipy==1.10.1` have incompatible dependency requirements that prevent them from being installed together.
  -> Checking compatibility of numpy==2.1.3...
     -- Incompatible. Diagnosis: The dependency conflict arises because contourpy==1.3.2, matplotlib==3.7.1, numpy==2.1.3, scikit-learn==1.2.2, and scipy==1.10.1 have conflicting dependencies among themselves.
  -> Checking compatibility of numpy==2.1.2...
     -- Incompatible. Diagnosis: The root cause of the dependency conflict is that the specified package versions `contourpy==1.3.2`, `matplotlib==3.7.1`, `numpy==2.1.2`, `scikit-learn==1.2.2`, and `scipy==1.10.1` have conflicting dependencies among themselves.
  -> Checking compatibility of numpy==2.1.1...
     -- Incompatible. Diagnosis: The dependency conflict is caused by contourpy==1.3.2, matplotlib==3.7.1, numpy==2.1.1, scikit-learn==1.2.2, and scipy==1.10.1 having conflicting or incompatible dependencies with each other.
  -> Checking compatibility of numpy==2.1.0...
     -- Incompatible. Diagnosis: The root cause of the dependency conflict is that the requested package versions — contourpy==1.3.2, matplotlib==3.7.1, numpy==2.1.0, scikit-learn==1.2.2, and scipy==1.10.1 — have conflicting internal dependency requirements that prevent their simultaneous installation.
  -> Checking compatibility of numpy==2.0.2...
     -- Incompatible. Diagnosis: The dependency conflict arises because `contourpy==1.3.2`, `matplotlib==3.7.1`, `numpy==2.0.2`, `scikit-learn==1.2.2`, and `scipy==1.10.1` have mutually conflicting dependencies.
  -> Checking compatibility of numpy==2.0.1...
     -- Incompatible. Diagnosis: The root cause of the dependency conflict is that `contourpy==1.3.2`, `matplotlib==3.7.1`, `numpy==2.0.1`, `scikit-learn==1.2.2`, and `scipy==1.10.1` have incompatible dependency requirements with each other.
  -> Checking compatibility of numpy==2.0.0...
     -- Incompatible. Diagnosis: The dependency conflict arises because contourpy==1.3.2, matplotlib==3.7.1, numpy==2.0.0, scikit-learn==1.2.2, and scipy==1.10.1 have conflicting dependencies among themselves.
  -> Checking compatibility of numpy==1.26.4...
     -- Compatible.
  -> Checking compatibility of numpy==1.26.3...
     -- Compatible.
  -> Checking compatibility of numpy==1.26.2...
     -- Compatible.
  -> Checking compatibility of numpy==1.26.1...
     -- Compatible.
  -> Checking compatibility of numpy==1.26.0...
     -- Compatible.
  -> Checking compatibility of numpy==1.25.2...
     -- Compatible.
  -> Checking compatibility of numpy==1.25.1...
     -- Compatible.
  -> Checking compatibility of numpy==1.25.0...
     -- Compatible.
  -> Checking compatibility of numpy==1.24.4...
     -- Compatible.

--- Phase 2: Validating compatible versions (newest first) ---
Found 9 compatible versions to test: ['1.26.4', '1.26.3', '1.26.2', '1.26.1', '1.26.0', '1.25.2', '1.25.1', '1.25.0', '1.24.4']

::group::Probe: Install & Validate for numpy==1.26.4
--> Probe Step 1: Installing the proposed dependency set...
--> Running command: '/home/runner/work/scikit-optimize_AURA/scikit-optimize_AURA/temp_venv/bin/python -m pip install --no-build-isolation --no-cache-dir -r /home/runner/work/scikit-optimize_AURA/scikit-optimize_AURA/temp_venv/probe_requirements.txt' in CWD: '.'

--> Probe Step 2: Installing project from current directory ('.')...
--> Running command: '/home/runner/work/scikit-optimize_AURA/scikit-optimize_AURA/temp_venv/bin/python -m pip install --no-build-isolation .' in CWD: '.'

--> Probe Step 3: Running validation suite...

::group::Running Validation

--- Running Smoke Test ---
--> Running command: '/home/runner/work/scikit-optimize_AURA/scikit-optimize_AURA/temp_venv/bin/python /home/runner/work/scikit-optimize_AURA/scikit-optimize_AURA/validation_skopt.py' in CWD: '.'
Smoke test PASSED.
::endgroup::
--> SUCCESS: Probe passed.
::endgroup::

SUCCESS: Found latest working version: numpy==1.26.4
::endgroup::
--> Healing Result: Level 1 Succeeded. Found new working version: 1.26.4
  -> SUCCESS. Locking in numpy==1.26.4

--------------------------------------------------------------------------------
PULSE: [PASS 1 | ATTEMPT 2/7] Processing 'pyaml'
PULSE: Changed packages this pass so far: {'numpy'}
--------------------------------------------------------------------------------

--> Toplevel Attempt: Trying direct update to pyaml==26.2.1

::group::Probe: Install & Validate for pyaml==26.2.1
--> Probe Step 1: Installing the proposed dependency set...
--> Running command: '/home/runner/work/scikit-optimize_AURA/scikit-optimize_AURA/temp_venv/bin/python -m pip install --no-build-isolation --no-cache-dir -r /home/runner/work/scikit-optimize_AURA/scikit-optimize_AURA/temp_venv/probe_requirements.txt' in CWD: '.'

--> Probe Step 2: Installing project from current directory ('.')...
--> Running command: '/home/runner/work/scikit-optimize_AURA/scikit-optimize_AURA/temp_venv/bin/python -m pip install --no-build-isolation .' in CWD: '.'

--> Probe Step 3: Running validation suite...

::group::Running Validation

--- Running Smoke Test ---
--> Running command: '/home/runner/work/scikit-optimize_AURA/scikit-optimize_AURA/temp_venv/bin/python /home/runner/work/scikit-optimize_AURA/scikit-optimize_AURA/validation_skopt.py' in CWD: '.'
Smoke test PASSED.
::endgroup::
--> SUCCESS: Probe passed.
::endgroup::
--> Toplevel Result: Direct update SUCCEEDED.
  -> SUCCESS. Locking in pyaml==26.2.1

--------------------------------------------------------------------------------
PULSE: [PASS 1 | ATTEMPT 3/7] Processing 'scipy'
PULSE: Changed packages this pass so far: {'pyaml', 'numpy'}
--------------------------------------------------------------------------------

--> Toplevel Attempt: Trying direct update to scipy==1.17.0

::group::Probe: Install & Validate for scipy==1.17.0
--> Probe Step 1: Installing the proposed dependency set...
--> Running command: '/home/runner/work/scikit-optimize_AURA/scikit-optimize_AURA/temp_venv/bin/python -m pip install --no-build-isolation --no-cache-dir -r /home/runner/work/scikit-optimize_AURA/scikit-optimize_AURA/temp_venv/probe_requirements.txt' in CWD: '.'

--> Probe Step 2: Installing project from current directory ('.')...
--> Running command: '/home/runner/work/scikit-optimize_AURA/scikit-optimize_AURA/temp_venv/bin/python -m pip install --no-build-isolation .' in CWD: '.'

--> Probe Step 3: Running validation suite...

::group::Running Validation

--- Running Smoke Test ---
--> Running command: '/home/runner/work/scikit-optimize_AURA/scikit-optimize_AURA/temp_venv/bin/python /home/runner/work/scikit-optimize_AURA/scikit-optimize_AURA/validation_skopt.py' in CWD: '.'
Smoke test PASSED.
::endgroup::
--> SUCCESS: Probe passed.
::endgroup::
--> Toplevel Result: Direct update SUCCEEDED.
  -> SUCCESS. Locking in scipy==1.17.0

--------------------------------------------------------------------------------
PULSE: [PASS 1 | ATTEMPT 4/7] Processing 'matplotlib'
PULSE: Changed packages this pass so far: {'scipy', 'pyaml', 'numpy'}
--------------------------------------------------------------------------------

--> Toplevel Attempt: Trying direct update to matplotlib==3.10.8

::group::Probe: Install & Validate for matplotlib==3.10.8
--> Probe Step 1: Installing the proposed dependency set...
--> Running command: '/home/runner/work/scikit-optimize_AURA/scikit-optimize_AURA/temp_venv/bin/python -m pip install --no-build-isolation --no-cache-dir -r /home/runner/work/scikit-optimize_AURA/scikit-optimize_AURA/temp_venv/probe_requirements.txt' in CWD: '.'

--> Probe Step 2: Installing project from current directory ('.')...
--> Running command: '/home/runner/work/scikit-optimize_AURA/scikit-optimize_AURA/temp_venv/bin/python -m pip install --no-build-isolation .' in CWD: '.'

--> Probe Step 3: Running validation suite...

::group::Running Validation

--- Running Smoke Test ---
--> Running command: '/home/runner/work/scikit-optimize_AURA/scikit-optimize_AURA/temp_venv/bin/python /home/runner/work/scikit-optimize_AURA/scikit-optimize_AURA/validation_skopt.py' in CWD: '.'
Smoke test PASSED.
::endgroup::
--> SUCCESS: Probe passed.
::endgroup::
--> Toplevel Result: Direct update SUCCEEDED.
  -> SUCCESS. Locking in matplotlib==3.10.8

--------------------------------------------------------------------------------
PULSE: [PASS 1 | ATTEMPT 5/7] Processing 'joblib'
PULSE: Changed packages this pass so far: {'scipy', 'pyaml', 'matplotlib', 'numpy'}
--------------------------------------------------------------------------------

--> Toplevel Attempt: Trying direct update to joblib==1.5.3

::group::Probe: Install & Validate for joblib==1.5.3
--> Probe Step 1: Installing the proposed dependency set...
--> Running command: '/home/runner/work/scikit-optimize_AURA/scikit-optimize_AURA/temp_venv/bin/python -m pip install --no-build-isolation --no-cache-dir -r /home/runner/work/scikit-optimize_AURA/scikit-optimize_AURA/temp_venv/probe_requirements.txt' in CWD: '.'

--> Probe Step 2: Installing project from current directory ('.')...
--> Running command: '/home/runner/work/scikit-optimize_AURA/scikit-optimize_AURA/temp_venv/bin/python -m pip install --no-build-isolation .' in CWD: '.'

--> Probe Step 3: Running validation suite...

::group::Running Validation

--- Running Smoke Test ---
--> Running command: '/home/runner/work/scikit-optimize_AURA/scikit-optimize_AURA/temp_venv/bin/python /home/runner/work/scikit-optimize_AURA/scikit-optimize_AURA/validation_skopt.py' in CWD: '.'
Smoke test PASSED.
::endgroup::
--> SUCCESS: Probe passed.
::endgroup::
--> Toplevel Result: Direct update SUCCEEDED.
  -> SUCCESS. Locking in joblib==1.5.3

--------------------------------------------------------------------------------
PULSE: [PASS 1 | ATTEMPT 6/7] Processing 'scikit-learn'
PULSE: Changed packages this pass so far: {'joblib', 'numpy', 'scipy', 'pyaml', 'matplotlib'}
--------------------------------------------------------------------------------

--> Toplevel Attempt: Trying direct update to scikit-learn==1.8.0

::group::Probe: Install & Validate for scikit-learn==1.8.0
--> Probe Step 1: Installing the proposed dependency set...
--> Running command: '/home/runner/work/scikit-optimize_AURA/scikit-optimize_AURA/temp_venv/bin/python -m pip install --no-build-isolation --no-cache-dir -r /home/runner/work/scikit-optimize_AURA/scikit-optimize_AURA/temp_venv/probe_requirements.txt' in CWD: '.'

--> Probe Step 2: Installing project from current directory ('.')...
--> Running command: '/home/runner/work/scikit-optimize_AURA/scikit-optimize_AURA/temp_venv/bin/python -m pip install --no-build-isolation .' in CWD: '.'

--> Probe Step 3: Running validation suite...

::group::Running Validation

--- Running Smoke Test ---
--> Running command: '/home/runner/work/scikit-optimize_AURA/scikit-optimize_AURA/temp_venv/bin/python /home/runner/work/scikit-optimize_AURA/scikit-optimize_AURA/validation_skopt.py' in CWD: '.'
Smoke test PASSED.
::endgroup::
--> SUCCESS: Probe passed.
::endgroup::
--> Toplevel Result: Direct update SUCCEEDED.
  -> SUCCESS. Locking in scikit-learn==1.8.0

--------------------------------------------------------------------------------
PULSE: [PASS 1 | ATTEMPT 7/7] Processing 'contourpy'
PULSE: Changed packages this pass so far: {'joblib', 'numpy', 'scipy', 'pyaml', 'matplotlib', 'scikit-learn'}
--------------------------------------------------------------------------------

--> Toplevel Attempt: Trying direct update to contourpy==1.3.3

::group::Probe: Install & Validate for contourpy==1.3.3
--> Probe Step 1: Installing the proposed dependency set...
--> Running command: '/home/runner/work/scikit-optimize_AURA/scikit-optimize_AURA/temp_venv/bin/python -m pip install --no-build-isolation --no-cache-dir -r /home/runner/work/scikit-optimize_AURA/scikit-optimize_AURA/temp_venv/probe_requirements.txt' in CWD: '.'

--> Probe Step 2: Installing project from current directory ('.')...
--> Running command: '/home/runner/work/scikit-optimize_AURA/scikit-optimize_AURA/temp_venv/bin/python -m pip install --no-build-isolation .' in CWD: '.'

--> Probe Step 3: Running validation suite...

::group::Running Validation

--- Running Smoke Test ---
--> Running command: '/home/runner/work/scikit-optimize_AURA/scikit-optimize_AURA/temp_venv/bin/python /home/runner/work/scikit-optimize_AURA/scikit-optimize_AURA/validation_skopt.py' in CWD: '.'
Smoke test PASSED.
::endgroup::
--> SUCCESS: Probe passed.
::endgroup::
--> Toplevel Result: Direct update SUCCEEDED.
  -> SUCCESS. Locking in contourpy==1.3.3
::endgroup::

Pass complete with changes.

::group::UPDATE PASS 2/3

Prioritized Update Plan for this Pass (Highest Risk First):
Rank  | Package                        | % of Total Risk    | Change
----- | ------------------------------ | ------------------ | --------------------
1     | numpy                          | 100.00            % | 1.26.4 -> 2.4.2

--------------------------------------------------------------------------------
PULSE: [PASS 2 | ATTEMPT 1/1] Processing 'numpy'
PULSE: Changed packages this pass so far: set()
--------------------------------------------------------------------------------

--> Toplevel Attempt: Trying direct update to numpy==2.4.2

::group::Probe: Install & Validate for numpy==2.4.2
--> Probe Step 1: Installing the proposed dependency set...
--> Running command: '/home/runner/work/scikit-optimize_AURA/scikit-optimize_AURA/temp_venv/bin/python -m pip install --no-build-isolation --no-cache-dir -r /home/runner/work/scikit-optimize_AURA/scikit-optimize_AURA/temp_venv/probe_requirements.txt' in CWD: '.'

--> Probe Step 2: Installing project from current directory ('.')...
--> Running command: '/home/runner/work/scikit-optimize_AURA/scikit-optimize_AURA/temp_venv/bin/python -m pip install --no-build-isolation .' in CWD: '.'

--> Probe Step 3: Running validation suite...

::group::Running Validation

--- Running Smoke Test ---
--> Running command: '/home/runner/work/scikit-optimize_AURA/scikit-optimize_AURA/temp_venv/bin/python /home/runner/work/scikit-optimize_AURA/scikit-optimize_AURA/validation_skopt.py' in CWD: '.'
Smoke test PASSED.
::endgroup::
--> SUCCESS: Probe passed.
::endgroup::
--> Toplevel Result: Direct update SUCCEEDED.
  -> SUCCESS. Locking in numpy==2.4.2
::endgroup::

Pass complete with changes.

::group::UPDATE PASS 3/3

No further updates are available. The system has successfully converged.

######################################################################
### OVERALL UPDATE RUN SUMMARY ###

[SUCCESS] The following packages were successfully updated:
Package                        | Old Version          | New Version         
------------------------------ | -------------------- | --------------------
numpy                          | 1.26.4               | 2.4.2               
pyaml                          | 21.10.1              | 26.2.1              
scipy                          | 1.10.1               | 1.17.0              
matplotlib                     | 3.7.1                | 3.10.8              
joblib                         | 1.2.0                | 1.5.3               
scikit-learn                   | 1.2.2                | 1.8.0               
contourpy                      | 1.3.2                | 1.3.3               
######################################################################


Run complete. The final requirements.txt is the latest provably working version.
